smollm3_3b tpch_53 valid
smollm3_3b pagerank_23 valid
smollm3_3b terasort_37 valid
smollm3_3b terasort_71 valid
smollm3_3b wordcount_11 valid
smollm3_3b bayes_71 valid
smollm3_3b pagerank_71 valid
smollm3_3b wordcount_37 valid
smollm3_3b bayes_37 valid
smollm3_3b tpch_71 valid
smollm3_3b tpch_23 valid
smollm3_3b wordcount_53 valid
smollm3_3b wordcount_23 valid
smollm3_3b pagerank_11 valid
smollm3_3b terasort_23 valid
smollm3_3b terasort_11 valid
smollm3_3b terasort_53 valid
smollm3_3b tpch_11 valid
smollm3_3b bayes_53 valid
qwen3_8b pagerank_37 valid
qwen3_8b pagerank_53 valid
qwen3_8b tpch_37 valid
qwen3_8b wordcount_71 valid
qwen3_8b bayes_23 valid
qwen3_8b bayes_11 valid
qwen3_8b tpch_53 valid
qwen3_8b pagerank_23 valid
qwen3_8b terasort_37 valid
qwen3_8b terasort_71 valid
qwen3_8b wordcount_11 valid
qwen3_8b bayes_71 valid
qwen3_8b pagerank_71 valid
qwen3_8b wordcount_37 valid
qwen3_8b bayes_37 valid
qwen3_8b tpch_71 valid
qwen3_8b tpch_23 valid
qwen3_8b wordcount_53 valid
qwen3_8b wordcount_23 valid
qwen3_8b pagerank_11 valid
qwen3_8b terasort_23 valid
qwen3_8b terasort_11 valid
qwen3_8b terasort_53 valid
qwen3_8b tpch_11 valid
qwen3_8b bayes_53 valid
