[
  {
    "engine": "ripgrep",
    "checkpoint": 4,
    "mean": 0.08314936870492362,
    "maximum": 0.18277085581555663,
    "minimum": 0.003190063003079712,
    "descriptive_above_ten_percent": 2
  },
  {
    "engine": "ripgrep",
    "checkpoint": 7,
    "mean": 0.07199490681940482,
    "maximum": 0.1297328837130362,
    "minimum": 0.003190063003079712,
    "descriptive_above_ten_percent": 2
  },
  {
    "engine": "ripgrep",
    "checkpoint": 10,
    "mean": 0.0559527963375085,
    "maximum": 0.1297328837130362,
    "minimum": 0.003190063003079712,
    "descriptive_above_ten_percent": 2
  },
  {
    "engine": "hnswlib",
    "checkpoint": 4,
    "mean": 0.05048524953134572,
    "maximum": 0.1054964016640564,
    "minimum": 0.0,
    "descriptive_above_ten_percent": 1
  },
  {
    "engine": "hnswlib",
    "checkpoint": 7,
    "mean": 0.037337297166465194,
    "maximum": 0.1054964016640564,
    "minimum": 0.0,
    "descriptive_above_ten_percent": 1
  },
  {
    "engine": "hnswlib",
    "checkpoint": 10,
    "mean": 0.016180343462598386,
    "maximum": 0.032850022225517285,
    "minimum": 0.0,
    "descriptive_above_ten_percent": 0
  }
]
