50nativeprefixlabels;decisionsfrozen
memcached_23 random_full 17searchlabels
memcached_53 random_proposal 17searchlabels
memcached_23 sequential_3nn 17searchlabels
memcached_11 sequential_3nn 17searchlabels
memcached_71 adaptive_neighbor 17searchlabels
memcached_37 adaptive_neighbor 17searchlabels
memcached_53 sequential_3nn 17searchlabels
memcached_37 random_proposal 17searchlabels
memcached_11 fixed_neighbor 17searchlabels
memcached_71 random_full 17searchlabels
memcached_37 fixed_neighbor 17searchlabels
memcached_71 fixed_neighbor 17searchlabels
memcached_37 sequential_3nn 17searchlabels
memcached_11 random_proposal 17searchlabels
memcached_71 sequential_3nn 17searchlabels
memcached_53 adaptive_neighbor 17searchlabels
memcached_23 fixed_neighbor 17searchlabels
memcached_37 random_full 17searchlabels
memcached_11 adaptive_neighbor 17searchlabels
memcached_53 fixed_neighbor 17searchlabels
memcached_53 random_full 17searchlabels
memcached_23 adaptive_neighbor 17searchlabels
memcached_23 random_proposal 17searchlabels
memcached_11 random_full 17searchlabels
memcached_71 random_proposal 17searchlabels
smollm3_3b memcached_11 valid
smollm3_3b memcached_23 valid
smollm3_3b memcached_37 valid
smollm3_3b memcached_53 valid
smollm3_3b memcached_71 valid
qwen3_8b memcached_11 valid
qwen3_8b memcached_23 valid
qwen3_8b memcached_37 valid
qwen3_8b memcached_53 valid
qwen3_8b memcached_71 valid
memcached_71 smollm3_3b 17searchlabels
memcached_23 smollm3_3b 17searchlabels
memcached_11 smollm3_3b 17searchlabels
memcached_53 qwen3_8b 17searchlabels
memcached_37 qwen3_8b 17searchlabels
memcached_53 smollm3_3b 17searchlabels
memcached_37 smollm3_3b 17searchlabels
memcached_11 qwen3_8b 17searchlabels
memcached_71 qwen3_8b 17searchlabels
memcached_23 qwen3_8b 17searchlabels
400nativeacquisitions;35validatedB20armscomplete
