hnswlib_11__ezr_upstream_bayes 17 search labels
ripgrep_53__ezr_upstream_centroid 17 search labels
ortools_11__ezr_upstream_bayes 17 search labels
ortools_71__ezr_upstream_centroid 17 search labels
ripgrep_11__ezr_upstream_centroid 17 search labels
ripgrep_23__ezr_upstream_centroid 17 search labels
cvc5_37__ezr_upstream_bayes 17 search labels
cvc5_11__ezr_upstream_centroid 17 search labels
hnswlib_37__ezr_upstream_bayes 17 search labels
ortools_23__ezr_upstream_bayes 17 search labels
hnswlib_53__ezr_upstream_bayes 17 search labels
hnswlib_11__ezr_upstream_centroid 17 search labels
ortools_23__ezr_upstream_centroid 17 search labels
hnswlib_71__ezr_upstream_bayes 17 search labels
ripgrep_37__ezr_upstream_bayes 17 search labels
hnswlib_71__ezr_upstream_centroid 17 search labels
cvc5_71__ezr_upstream_centroid 17 search labels
hnswlib_23__ezr_upstream_bayes 17 search labels
hnswlib_37__ezr_upstream_centroid 17 search labels
ortools_53__ezr_upstream_bayes 17 search labels
cvc5_53__ezr_upstream_centroid 17 search labels
ripgrep_53__ezr_upstream_bayes 17 search labels
ripgrep_23__ezr_upstream_bayes 17 search labels
cvc5_71__ezr_upstream_bayes 17 search labels
ripgrep_37__ezr_upstream_centroid 17 search labels
cvc5_11__ezr_upstream_bayes 17 search labels
ripgrep_71__ezr_upstream_centroid 17 search labels
cvc5_23__ezr_upstream_centroid 17 search labels
cvc5_23__ezr_upstream_bayes 17 search labels
hnswlib_53__ezr_upstream_centroid 17 search labels
ortools_53__ezr_upstream_centroid 17 search labels
hnswlib_23__ezr_upstream_centroid 17 search labels
ortools_37__ezr_upstream_centroid 17 search labels
ortools_71__ezr_upstream_bayes 17 search labels
ripgrep_71__ezr_upstream_bayes 17 search labels
ortools_11__ezr_upstream_centroid 17 search labels
cvc5_53__ezr_upstream_bayes 17 search labels
ripgrep_11__ezr_upstream_bayes 17 search labels
cvc5_37__ezr_upstream_centroid 17 search labels
ortools_37__ezr_upstream_bayes 17 search labels
820 new outcomes /1640 query-training executions complete
