{
  "summary": {
    "wavpack": {
      "selection_time_comparisons": {
        "sequential_3nn": {
          "mean_fraction": "84014/1441740495",
          "mean_percent": 0.005827262277182552,
          "wins": 2,
          "ties": 2,
          "losses": 1,
          "paired_percent": [
            -0.02915330473532964,
            0.0291448080606212,
            0.0,
            0.0,
            0.0291448080606212
          ]
        },
        "batch_3nn": {
          "mean_fraction": "3110576/12981548865",
          "mean_percent": 0.023961516706119183,
          "wins": 4,
          "ties": 1,
          "losses": 0,
          "paired_percent": [
            0.016188938791935132,
            0.045329028617418374,
            0.0,
            0.0291448080606212,
            0.0291448080606212
          ]
        },
        "random_projection": {
          "mean_fraction": "377365272497/1871238342694290",
          "mean_percent": 0.02016660645985124,
          "wins": 3,
          "ties": 2,
          "losses": 0,
          "paired_percent": [
            0.016188938791935132,
            0.0,
            0.0,
            0.055499285446699874,
            0.0291448080606212
          ]
        },
        "random_full": {
          "mean_fraction": "486421379279/1871238342694290",
          "mean_percent": 0.02599462442494789,
          "wins": 3,
          "ties": 2,
          "losses": 0,
          "paired_percent": [
            0.0,
            0.055499285446699874,
            0.0,
            0.045329028617418374,
            0.0291448080606212
          ]
        },
        "expert": {
          "mean_fraction": "179/360365",
          "mean_percent": 0.04967186047479639,
          "wins": 5,
          "ties": 0,
          "losses": 0,
          "paired_percent": [
            0.02636216058718244,
            0.055499285446699874,
            0.055499285446699874,
            0.055499285446699874,
            0.055499285446699874
          ]
        },
        "default": {
          "mean_fraction": "16766/557045",
          "mean_percent": 3.0098106975199492,
          "wins": 5,
          "ties": 0,
          "losses": 0,
          "paired_percent": [
            2.9871913400174135,
            3.015465536895583,
            3.015465536895583,
            3.015465536895583,
            3.015465536895583
          ]
        }
      }
    },
    "fftw": {
      "selection_time_comparisons": {
        "sequential_3nn": {
          "mean_fraction": "-304979/21637770",
          "mean_percent": -1.4094751908352847,
          "wins": 0,
          "ties": 3,
          "losses": 2,
          "paired_percent": [
            -3.4427762195457294,
            0.0,
            0.0,
            0.0,
            -3.6045997346306944
          ]
        },
        "batch_3nn": {
          "mean_fraction": "-366247/21628809",
          "mean_percent": -1.6933294847626608,
          "wins": 0,
          "ties": 3,
          "losses": 2,
          "paired_percent": [
            -4.442223332778055,
            0.0,
            0.0,
            0.0,
            -4.0244240910352485
          ]
        },
        "random_projection": {
          "mean_fraction": "-541/91340",
          "mean_percent": -0.5922925333917233,
          "wins": 0,
          "ties": 4,
          "losses": 1,
          "paired_percent": [
            -2.9614626669586164,
            0.0,
            0.0,
            0.0,
            0.0
          ]
        },
        "random_full": {
          "mean_fraction": "0",
          "mean_percent": 0.0,
          "wins": 0,
          "ties": 5,
          "losses": 0,
          "paired_percent": [
            0.0,
            0.0,
            0.0,
            0.0,
            0.0
          ]
        },
        "expert": {
          "mean_fraction": "5166223969392009357/59228292769231768000",
          "mean_percent": 8.722561005634434,
          "wins": 5,
          "ties": 0,
          "losses": 0,
          "paired_percent": [
            32.49228339674108,
            3.986746472851646,
            2.823211875843455,
            4.134778911564626,
            0.17578437117136314
          ]
        },
        "default": {
          "mean_fraction": "532672781099/17116527281700",
          "mean_percent": 3.1120376951024573,
          "wins": 3,
          "ties": 2,
          "losses": 0,
          "paired_percent": [
            0.0,
            4.765438642989664,
            3.8508785985151954,
            6.943871234007429,
            0.0
          ]
        }
      },
      "fresh_validation_primary": {
        "mean_fraction": "-6832967385173973767/450710553559438798470",
        "mean_percent": -1.5160433522604115,
        "wins": 1,
        "ties": 0,
        "losses": 4,
        "paired_percent": [
          -5.075084950126055,
          1.1019578474376805,
          -0.35894139076395587,
          -0.4987121170603387,
          -2.7494361507893887
        ]
      }
    }
  },
  "usage": {
    "generated_observed": 473,
    "prefill_observed": 5050,
    "attempts_missing_usage": 0
  }
}
