polars_37 prefix10
xgboost_23 prefix10
polars_11 prefix10
polars_71 prefix10
xgboost_37 prefix10
xgboost_71 prefix10
polars_53 prefix10
xgboost_11 prefix10
xgboost_53 prefix10
polars_23 prefix10
xgboost_53 adaptive_neighbor 17search
xgboost_37 adaptive_neighbor 17search
xgboost_11 gp_ei 17search
polars_71 random_full 17search
xgboost_71 random_full 17search
polars_11 gp_ei 17search
xgboost_71 gp_ei 17search
xgboost_37 random_proposal 17search
xgboost_53 sequential_3nn 17search
xgboost_23 gp_ei 17search
polars_71 adaptive_neighbor 17search
polars_11 random_full 17search
xgboost_11 random_proposal 17search
xgboost_53 random_full 17search
polars_37 random_full 17search
xgboost_11 adaptive_neighbor 17search
polars_11 adaptive_neighbor 17search
polars_53 adaptive_neighbor 17search
xgboost_11 random_full 17search
polars_23 sequential_3nn 17search
polars_23 random_full 17search
xgboost_23 adaptive_neighbor 17search
xgboost_23 sequential_3nn 17search
xgboost_23 random_proposal 17search
polars_23 random_proposal 17search
polars_37 random_proposal 17search
polars_53 gp_ei 17search
polars_71 sequential_3nn 17search
xgboost_71 random_proposal 17search
polars_37 gp_ei 17search
polars_53 sequential_3nn 17search
polars_11 sequential_3nn 17search
polars_37 sequential_3nn 17search
polars_53 random_full 17search
xgboost_71 adaptive_neighbor 17search
xgboost_23 random_full 17search
polars_53 random_proposal 17search
polars_71 gp_ei 17search
xgboost_71 sequential_3nn 17search
polars_37 adaptive_neighbor 17search
xgboost_53 random_proposal 17search
polars_71 random_proposal 17search
polars_23 adaptive_neighbor 17search
xgboost_37 sequential_3nn 17search
polars_23 gp_ei 17search
xgboost_11 sequential_3nn 17search
xgboost_37 random_full 17search
xgboost_53 gp_ei 17search
xgboost_37 gp_ei 17search
polars_11 random_proposal 17search
smollm3_3b polars_37 valid
smollm3_3b xgboost_23 valid
smollm3_3b polars_11 valid
smollm3_3b polars_71 valid
smollm3_3b xgboost_37 valid
smollm3_3b xgboost_71 valid
smollm3_3b polars_53 valid
smollm3_3b xgboost_11 valid
smollm3_3b xgboost_53 valid
smollm3_3b polars_23 valid
qwen3_8b polars_37 valid
qwen3_8b xgboost_23 valid
qwen3_8b polars_11 valid
qwen3_8b polars_71 valid
qwen3_8b xgboost_37 valid
qwen3_8b xgboost_71 valid
qwen3_8b polars_53 valid
qwen3_8b xgboost_11 valid
qwen3_8b xgboost_53 valid
qwen3_8b polars_23 valid
xgboost_71 qwen3_8b 17search
polars_37 smollm3_3b 17search
xgboost_37 qwen3_8b 17search
polars_23 qwen3_8b 17search
xgboost_11 smollm3_3b 17search
xgboost_23 qwen3_8b 17search
xgboost_11 qwen3_8b 17search
polars_53 smollm3_3b 17search
polars_23 smollm3_3b 17search
xgboost_53 smollm3_3b 17search
xgboost_23 smollm3_3b 17search
polars_37 qwen3_8b 17search
xgboost_53 qwen3_8b 17search
polars_71 smollm3_3b 17search
polars_53 qwen3_8b 17search
xgboost_37 smollm3_3b 17search
polars_11 smollm3_3b 17search
xgboost_71 smollm3_3b 17search
polars_71 qwen3_8b 17search
polars_11 qwen3_8b 17search
800nativeevaluations/70B20arms complete
