{
  "collection": {
    "configuration_outcomes": 800,
    "native_workload_invocations": 1600,
    "quality_feasible": 754,
    "quality_penalties": 46,
    "subprocess_collection_seconds": 470.6965889762505,
    "native_objective_seconds": 187.9185812399519,
    "end_to_end_seconds": 544.0169470310211,
    "minimum_xgboost_accuracy": 0.73291015625
  },
  "joint_robust_wins": {
    "smollm3_3b": 0,
    "qwen3_8b": 0
  },
  "models": {
    "smollm3_3b": {
      "ledger": {
        "generation_requests": 10,
        "compatibility_requests": 0,
        "scientific_requests": 10,
        "http_requests": 35,
        "peak_server_rss_bytes": 3031203840,
        "retries": 0,
        "external_spend_usd": 0,
        "allocated_output_tokens": 10240,
        "startup_seconds": 1.7861946249904577,
        "stage_seconds": 18.3151274589909,
        "resource_stop_reason": null,
        "server_exit_code": 0
      },
      "responses": 10,
      "observed_usage": {
        "tokens_evaluated": 4833,
        "tokens_predicted": 411
      },
      "unknown_usage_requests": {
        "tokens_evaluated": 0,
        "tokens_predicted": 0
      },
      "request_wall_seconds": 16.373236043044017
    },
    "qwen3_8b": {
      "ledger": {
        "generation_requests": 10,
        "compatibility_requests": 0,
        "scientific_requests": 10,
        "http_requests": 42,
        "peak_server_rss_bytes": 6778339328,
        "retries": 0,
        "external_spend_usd": 0,
        "allocated_output_tokens": 10240,
        "startup_seconds": 4.805858125007944,
        "stage_seconds": 48.86254495900357,
        "resource_stop_reason": null,
        "server_exit_code": 0
      },
      "responses": 10,
      "observed_usage": {
        "tokens_evaluated": 5714,
        "tokens_predicted": 581
      },
      "unknown_usage_requests": {
        "tokens_evaluated": 0,
        "tokens_predicted": 0
      },
      "request_wall_seconds": 43.791200872990885
    }
  }
}
