Matplotlib is building the font cache; this may take a moment.
{
  "totals": {
    "qwen3_8b": {
      "sequential_3nn": {
        "cases": 30,
        "mean_fraction": "-3944489306384521722654402531208524240649689889798937467074622225025193069459855696569565489498631/70612918743165461507026146773251897776887312017280586589237078003047303505877491025177327901000000",
        "mean_percent": -5.586073167052458,
        "wins": 1,
        "ties": 14,
        "losses": 15,
        "benefit_over_1pct": 1,
        "harm_over_1pct": 11
      },
      "adaptive_incumbent_neighbor": {
        "cases": 30,
        "mean_fraction": "-44483694010696032746908004381993810038832857141467302546759493260192354770856180255147263848255196368634524375306233756051/1286529575682558890725517868751216303585455167237100353472436317905811389108493293784000131548558157348290374921702147000000",
        "mean_percent": -3.4576503215711565,
        "wins": 2,
        "ties": 12,
        "losses": 16,
        "benefit_over_1pct": 1,
        "harm_over_1pct": 9
      },
      "fixed_prefix_neighbor": {
        "cases": 30,
        "mean_fraction": "-1474586500880800989533784732035194358778867442339260285808257648467902719936955454578512760520417848703351121516797/43861324878467306396811221590569034490918555968797564960656261329383933140288101735006437296585171183485640401200000",
        "mean_percent": -3.361928772025568,
        "wins": 2,
        "ties": 12,
        "losses": 16,
        "benefit_over_1pct": 1,
        "harm_over_1pct": 9
      },
      "random_full": {
        "cases": 30,
        "mean_fraction": "-22621242458209875334805259909984291946389539000935131877184950145778334922824512305898193964341/1407816424491818953248033693825899167167178822625397559983540039179269848032466527948009568000000",
        "mean_percent": -1.606831832948354,
        "wins": 4,
        "ties": 19,
        "losses": 7,
        "benefit_over_1pct": 2,
        "harm_over_1pct": 4
      },
      "prefix": {
        "cases": 30,
        "mean_fraction": "91408194537093617764724231027423539147325299402730088839/7981154652481257334813114582059178099553384890867429036500",
        "mean_percent": 1.145300379672204,
        "wins": 7,
        "ties": 23,
        "losses": 0,
        "benefit_over_1pct": 6,
        "harm_over_1pct": 0
      }
    },
    "smollm3_3b": {
      "sequential_3nn": {
        "cases": 30,
        "mean_fraction": "-4194943611500474035152254075490474430945577396596871353784535737432336290602878175365738047106288059249/75649441503550998222908608257172958638919012766305524165462302181993044216632230251467055361209579000000",
        "mean_percent": -5.545240689322951,
        "wins": 1,
        "ties": 14,
        "losses": 15,
        "benefit_over_1pct": 0,
        "harm_over_1pct": 10
      },
      "adaptive_incumbent_neighbor": {
        "cases": 30,
        "mean_fraction": "-2242112745264473453622193567845103109841718575585708068137651701953589915682056046608946376878847117406162008837299664131386044887/65415019465717653843794378368729436099351137917578801502573614550973827526629226912285922441106525845455677056221263193121439000000",
        "mean_percent": -3.427519801380641,
        "wins": 2,
        "ties": 12,
        "losses": 16,
        "benefit_over_1pct": 1,
        "harm_over_1pct": 9
      },
      "fixed_prefix_neighbor": {
        "cases": 30,
        "mean_fraction": "-3539400342211899821244484538449215490724782273227359027634690409884106406040756673594440783802236378623801744654355803309/106198932566869629647090825566066560471014296888540938024792854788892672269841867292109003605248568159543296540523716400000",
        "mean_percent": -3.332802182341397,
        "wins": 2,
        "ties": 12,
        "losses": 16,
        "benefit_over_1pct": 1,
        "harm_over_1pct": 9
      },
      "random_full": {
        "cases": 30,
        "mean_fraction": "-4754696774245412328988958531092912587689659582699270136162548569202272244316023170283568603188837124042383/300810494126724866805618503479946973658231656459336894713623713604718526906531765299235962163010269984000000",
        "mean_percent": -1.5806286240274459,
        "wins": 5,
        "ties": 18,
        "losses": 7,
        "benefit_over_1pct": 2,
        "harm_over_1pct": 4
      },
      "prefix": {
        "cases": 30,
        "mean_fraction": "39649934762094126767912735923131477696918549827678799136585952501604686799535196678826181888575031426919/3474578863051412515884079079914469264608164158279608465284967542283466572172872551040727116000063408479000",
        "mean_percent": 1.1411436126470051,
        "wins": 11,
        "ties": 19,
        "losses": 0,
        "benefit_over_1pct": 7,
        "harm_over_1pct": 0
      }
    }
  },
  "reliability": {
    "qwen3_8b": {
      "valid": 30,
      "fallbacks": 0,
      "intended": 30,
      "projection_records": 300,
      "positive_distance": 225,
      "repeated_proposal": 52,
      "matches_prefix": 1,
      "joint_over_1pct_vs_sequential_and_adaptive": 0
    },
    "smollm3_3b": {
      "valid": 30,
      "fallbacks": 0,
      "intended": 30,
      "projection_records": 300,
      "positive_distance": 263,
      "repeated_proposal": 49,
      "matches_prefix": 134,
      "joint_over_1pct_vs_sequential_and_adaptive": 0
    }
  }
}
