qwen3_8b Dune_AllNumeric_11_normal valid
qwen3_8b LLVM_AllNumeric_53_normal valid
qwen3_8b OpenVPN_23_normal valid
qwen3_8b LLVM_AllNumeric_37_normal valid
qwen3_8b sac_AllNumeric_11_normal valid
qwen3_8b BDBC_AllNumeric_71_normal valid
qwen3_8b LLVM_AllNumeric_23_normal valid
qwen3_8b sac_AllNumeric_23_normal valid
qwen3_8b Dune_AllNumeric_23_normal valid
qwen3_8b Dune_AllNumeric_53_normal valid
qwen3_8b OpenVPN_53_normal valid
qwen3_8b OpenVPN_37_normal valid
qwen3_8b OpenVPN_11_normal valid
qwen3_8b BDBC_AllNumeric_53_normal valid
qwen3_8b OpenVPN_71_normal valid
qwen3_8b LLVM_AllNumeric_71_normal valid
qwen3_8b Dune_AllNumeric_37_normal valid
qwen3_8b LLVM_AllNumeric_11_normal valid
qwen3_8b hipacc_AllNumeric_53_normal valid
qwen3_8b BDBC_AllNumeric_23_normal valid
qwen3_8b sac_AllNumeric_37_normal valid
qwen3_8b Dune_AllNumeric_71_normal valid
qwen3_8b hipacc_AllNumeric_11_normal valid
qwen3_8b hipacc_AllNumeric_37_normal valid
qwen3_8b hipacc_AllNumeric_23_normal valid
qwen3_8b sac_AllNumeric_53_normal valid
qwen3_8b hipacc_AllNumeric_71_normal valid
qwen3_8b BDBC_AllNumeric_11_normal valid
qwen3_8b BDBC_AllNumeric_37_normal valid
qwen3_8b sac_AllNumeric_71_normal valid
