ortools_53 prefix10
cvc5_53 prefix10
cvc5_11 prefix10
ortools_11 prefix10
ortools_71 prefix10
cvc5_71 prefix10
cvc5_23 prefix10
ortools_37 prefix10
cvc5_37 prefix10
ortools_23 prefix10
cvc5_53 adaptive_neighbor 17search
ortools_11 sequential_3nn 17search
cvc5_23 random_full 17search
ortools_53 gp_ei 17search
cvc5_37 adaptive_neighbor 17search
ortools_53 adaptive_neighbor 17search
ortools_71 gp_ei 17search
ortools_37 random_proposal 17search
cvc5_71 gp_ei 17search
ortools_11 gp_ei 17search
ortools_23 sequential_3nn 17search
ortools_23 gp_ei 17search
ortools_71 adaptive_neighbor 17search
cvc5_53 gp_ei 17search
cvc5_71 random_proposal 17search
cvc5_37 gp_ei 17search
ortools_53 random_proposal 17search
ortools_37 adaptive_neighbor 17search
cvc5_71 adaptive_neighbor 17search
ortools_71 random_full 17search
cvc5_23 sequential_3nn 17search
ortools_53 random_full 17search
cvc5_11 random_proposal 17search
cvc5_37 random_full 17search
cvc5_23 random_proposal 17search
ortools_23 random_full 17search
cvc5_23 gp_ei 17search
cvc5_37 random_proposal 17search
cvc5_71 random_full 17search
ortools_23 adaptive_neighbor 17search
ortools_53 sequential_3nn 17search
ortools_71 sequential_3nn 17search
ortools_23 random_proposal 17search
ortools_37 random_full 17search
cvc5_53 random_full 17search
ortools_11 adaptive_neighbor 17search
ortools_11 random_full 17search
cvc5_11 adaptive_neighbor 17search
cvc5_53 sequential_3nn 17search
ortools_37 sequential_3nn 17search
cvc5_53 random_proposal 17search
cvc5_11 gp_ei 17search
ortools_71 random_proposal 17search
ortools_11 random_proposal 17search
cvc5_71 sequential_3nn 17search
cvc5_11 random_full 17search
ortools_37 gp_ei 17search
cvc5_37 sequential_3nn 17search
cvc5_23 adaptive_neighbor 17search
cvc5_11 sequential_3nn 17search
smollm3_3b ortools_53 valid
smollm3_3b cvc5_53 valid
smollm3_3b cvc5_11 valid
smollm3_3b ortools_11 valid
smollm3_3b ortools_71 valid
smollm3_3b cvc5_71 valid
smollm3_3b cvc5_23 valid
smollm3_3b ortools_37 valid
smollm3_3b cvc5_37 valid
smollm3_3b ortools_23 valid
qwen3_8b ortools_53 valid
qwen3_8b cvc5_53 valid
qwen3_8b cvc5_11 valid
qwen3_8b ortools_11 valid
qwen3_8b ortools_71 valid
qwen3_8b cvc5_71 valid
qwen3_8b cvc5_23 valid
qwen3_8b ortools_37 valid
qwen3_8b cvc5_37 valid
qwen3_8b ortools_23 valid
ortools_71 qwen3_8b 17search
ortools_23 qwen3_8b 17search
cvc5_71 qwen3_8b 17search
ortools_37 qwen3_8b 17search
cvc5_23 qwen3_8b 17search
ortools_11 qwen3_8b 17search
ortools_53 smollm3_3b 17search
cvc5_37 smollm3_3b 17search
cvc5_37 qwen3_8b 17search
cvc5_11 smollm3_3b 17search
ortools_37 smollm3_3b 17search
ortools_71 smollm3_3b 17search
ortools_53 qwen3_8b 17search
cvc5_23 smollm3_3b 17search
ortools_11 smollm3_3b 17search
cvc5_53 smollm3_3b 17search
cvc5_53 qwen3_8b 17search
ortools_23 smollm3_3b 17search
cvc5_11 qwen3_8b 17search
cvc5_71 smollm3_3b 17search
800nativeevaluations/70B20arms complete
