ripgrep_11 adaptive_neighbor 17search
ripgrep_53 random_proposal 17search
ripgrep_37 random_full 17search
ripgrep_11 gp_ei 17search
hnswlib_53 sequential_3nn 17search
ripgrep_53 gp_ei 17search
ripgrep_71 sequential_3nn 17search
ripgrep_53 random_full 17search
ripgrep_71 random_proposal 17search
hnswlib_11 random_proposal 17search
ripgrep_71 adaptive_neighbor 17search
hnswlib_71 sequential_3nn 17search
ripgrep_37 adaptive_neighbor 17search
ripgrep_23 sequential_3nn 17search
ripgrep_23 adaptive_neighbor 17search
hnswlib_53 random_proposal 17search
ripgrep_37 sequential_3nn 17search
hnswlib_37 gp_ei 17search
hnswlib_23 sequential_3nn 17search
ripgrep_37 gp_ei 17search
ripgrep_71 random_full 17search
ripgrep_37 random_proposal 17search
hnswlib_71 random_full 17search
hnswlib_71 adaptive_neighbor 17search
ripgrep_11 random_proposal 17search
ripgrep_53 adaptive_neighbor 17search
hnswlib_53 random_full 17search
hnswlib_37 adaptive_neighbor 17search
hnswlib_71 gp_ei 17search
ripgrep_71 gp_ei 17search
ripgrep_53 sequential_3nn 17search
hnswlib_23 random_proposal 17search
hnswlib_11 random_full 17search
hnswlib_37 random_full 17search
ripgrep_23 gp_ei 17search
hnswlib_23 adaptive_neighbor 17search
hnswlib_23 random_full 17search
hnswlib_53 adaptive_neighbor 17search
hnswlib_11 adaptive_neighbor 17search
hnswlib_23 gp_ei 17search
hnswlib_53 gp_ei 17search
hnswlib_71 random_proposal 17search
ripgrep_23 random_proposal 17search
ripgrep_23 random_full 17search
ripgrep_11 random_full 17search
hnswlib_11 gp_ei 17search
hnswlib_37 sequential_3nn 17search
hnswlib_11 sequential_3nn 17search
ripgrep_11 sequential_3nn 17search
hnswlib_37 random_proposal 17search
smollm3_3b ripgrep_11__numeric valid
smollm3_3b hnswlib_11__catalog valid
smollm3_3b hnswlib_37__numeric valid
smollm3_3b hnswlib_37__catalog valid
smollm3_3b ripgrep_11__catalog valid
smollm3_3b ripgrep_71__numeric valid
smollm3_3b hnswlib_71__catalog valid
smollm3_3b hnswlib_53__catalog valid
smollm3_3b hnswlib_23__numeric valid
smollm3_3b hnswlib_71__numeric valid
smollm3_3b ripgrep_53__catalog valid
smollm3_3b ripgrep_53__numeric valid
smollm3_3b hnswlib_23__catalog valid
smollm3_3b hnswlib_11__numeric valid
smollm3_3b hnswlib_53__numeric valid
smollm3_3b ripgrep_37__catalog valid
smollm3_3b ripgrep_37__numeric valid
smollm3_3b ripgrep_23__numeric valid
smollm3_3b ripgrep_23__catalog valid
smollm3_3b ripgrep_71__catalog valid
qwen3_8b ripgrep_11__numeric valid
qwen3_8b hnswlib_11__catalog valid
qwen3_8b hnswlib_37__numeric valid
qwen3_8b hnswlib_37__catalog valid
qwen3_8b ripgrep_11__catalog valid
qwen3_8b ripgrep_71__numeric valid
qwen3_8b hnswlib_71__catalog valid
qwen3_8b hnswlib_53__catalog valid
qwen3_8b hnswlib_23__numeric valid
qwen3_8b hnswlib_71__numeric valid
qwen3_8b ripgrep_53__catalog valid
qwen3_8b ripgrep_53__numeric valid
qwen3_8b hnswlib_23__catalog valid
qwen3_8b hnswlib_11__numeric valid
qwen3_8b hnswlib_53__numeric valid
qwen3_8b ripgrep_37__catalog valid
qwen3_8b ripgrep_37__numeric valid
qwen3_8b ripgrep_23__numeric valid
qwen3_8b ripgrep_23__catalog valid
qwen3_8b ripgrep_71__catalog valid
ripgrep_53 qwen3_8b_numeric 17search
ripgrep_23 smollm3_3b_numeric 17search
ripgrep_37 qwen3_8b_catalog 17search
hnswlib_11 smollm3_3b_catalog 17search
ripgrep_23 smollm3_3b_catalog 17search
hnswlib_23 smollm3_3b_numeric 17search
hnswlib_37 qwen3_8b_catalog 17search
hnswlib_53 qwen3_8b_numeric 17search
hnswlib_11 qwen3_8b_numeric 17search
ripgrep_53 qwen3_8b_catalog 17search
ripgrep_11 smollm3_3b_numeric 17search
hnswlib_71 smollm3_3b_numeric 17search
ripgrep_53 smollm3_3b_catalog 17search
ripgrep_37 smollm3_3b_numeric 17search
ripgrep_11 smollm3_3b_catalog 17search
hnswlib_71 qwen3_8b_numeric 17search
hnswlib_53 qwen3_8b_catalog 17search
ripgrep_71 qwen3_8b_catalog 17search
ripgrep_11 qwen3_8b_numeric 17search
hnswlib_37 smollm3_3b_numeric 17search
ripgrep_23 qwen3_8b_numeric 17search
hnswlib_53 smollm3_3b_numeric 17search
hnswlib_37 qwen3_8b_numeric 17search
hnswlib_11 qwen3_8b_catalog 17search
ripgrep_37 qwen3_8b_numeric 17search
ripgrep_71 qwen3_8b_numeric 17search
ripgrep_53 smollm3_3b_numeric 17search
ripgrep_23 qwen3_8b_catalog 17search
hnswlib_23 qwen3_8b_numeric 17search
hnswlib_71 smollm3_3b_catalog 17search
ripgrep_37 smollm3_3b_catalog 17search
hnswlib_53 smollm3_3b_catalog 17search
hnswlib_23 smollm3_3b_catalog 17search
hnswlib_71 qwen3_8b_catalog 17search
ripgrep_71 smollm3_3b_numeric 17search
ripgrep_11 qwen3_8b_catalog 17search
hnswlib_23 qwen3_8b_catalog 17search
hnswlib_11 smollm3_3b_numeric 17search
ripgrep_71 smollm3_3b_catalog 17search
hnswlib_37 smollm3_3b_catalog 17search
900 new configuration outcomes/90 B20 arms complete
