A2 spark::terasort_53 valid 39.6
A2 hadoop_mapreduce::terasort_11 valid 6.3
A2 spark::tpch_71 valid 39.9
A2 sac::sac_AllNumeric_23_normal valid 54.5
A2 spark::bayes_71 valid 39.6
A2 llvm::LLVM_AllNumeric_37_normal valid 11.0
A2 spark::tpch_37 valid 39.9
A2 hadoop_mapreduce::pagerank_23 valid 6.5
A2 berkeleydb::BDBC_AllNumeric_23_normal valid 15.8
A2 llvm::LLVM_AllNumeric_53_normal valid 10.9
A2 sac::sac_AllNumeric_53_normal valid 54.7
A2 spark::bayes_11 valid 39.9
A2 dune_hsmgp::Dune_AllNumeric_37_normal valid 12.9
A2 spark::bayes_23 valid 41.2
A2 hadoop_mapreduce::terasort_23 valid 6.3
A2 hipacc::hipacc_AllNumeric_11_normal valid 31.4
A2 hadoop_mapreduce::terasort_53 valid 6.3
A2 llvm::LLVM_AllNumeric_11_normal valid 10.9
A2 spark::bayes_37 valid 39.9
A2 llvm::LLVM_AllNumeric_71_normal valid 11.0
A2 spark::pagerank_23 valid 39.7
A2 hipacc::hipacc_AllNumeric_53_normal valid 31.4
A2 hadoop_mapreduce::pagerank_37 valid 6.1
A2 berkeleydb::BDBC_AllNumeric_11_normal valid 16.0
A2 spark::tpch_11 valid 39.7
A2 openvpn::OpenVPN_53_normal valid 22.6
A2 openvpn::OpenVPN_37_normal valid 22.6
A2 dune_hsmgp::Dune_AllNumeric_11_normal valid 12.2
A2 hipacc::hipacc_AllNumeric_37_normal valid 31.3
A2 spark::terasort_37 valid 39.8
A2 sac::sac_AllNumeric_71_normal valid 54.7
A2 spark::wordcount_53 valid 40.1
A2 hadoop_mapreduce::wordcount_11 valid 6.3
A2 hipacc::hipacc_AllNumeric_71_normal valid 31.4
A2 spark::tpch_23 valid 39.9
{'at': '2026-09-28T19:31:29.773479+00:00', 'stage': 'A2', 'arm': 'qwen3_14b', 'model_key': 'qwen3_14b', 'intended': 35, 'attempted': 35, 'responses': 35, 'valid': 35, 'invalid': 0, 'unattempted': [], 'error': None, 'seconds': 971.8054042500007, 'ledger': {'generation_requests': 35, 'compatibility_requests': 0, 'scientific_requests': 35, 'http_requests': 118, 'peak_server_rss_bytes': 11300208640, 'retries': 0, 'external_spend_usd': 0, 'allocated_output_tokens': 35840, 'port_wait_seconds': 12.083381207994535, 'startup_seconds': 19.083279166996363, 'stage_seconds': 971.8695536669984, 'resource_stop_reason': None, 'server_exit_code': 0}}
exit=0
