A1R sac::sac_AllNumeric_11_normal valid 54.5
A1R spark::bayes_53 valid 39.3
A1R spark::pagerank_37 valid 39.7
A1R sac::sac_AllNumeric_37_normal valid 54.5
A1R spark::pagerank_53 valid 39.7
A1R berkeleydb::BDBC_AllNumeric_53_normal valid 15.8
A1R spark::tpch_53 valid 39.8
A1R hadoop_mapreduce::wordcount_37 valid 6.2
A1R spark::terasort_11 valid 39.5
A1R spark::pagerank_71 valid 39.7
A1R hadoop_mapreduce::terasort_37 valid 6.1
A1R llvm::LLVM_AllNumeric_23_normal valid 10.8
A1R spark::pagerank_11 valid 39.3
A1R hadoop_mapreduce::pagerank_53 valid 6.3
A1R berkeleydb::BDBC_AllNumeric_37_normal valid 15.8
A1R hipacc::hipacc_AllNumeric_23_normal valid 31.1
A1R openvpn::OpenVPN_71_normal valid 22.5
A1R spark::wordcount_37 valid 39.6
A1R openvpn::OpenVPN_23_normal valid 22.7
A1R spark::wordcount_23 valid 40.4
A1R berkeleydb::BDBC_AllNumeric_71_normal valid 16.7
A1R openvpn::OpenVPN_11_normal valid 22.8
A1R hadoop_mapreduce::wordcount_53 valid 6.1
A1R hadoop_mapreduce::terasort_71 valid 6.2
A1R hadoop_mapreduce::pagerank_11 valid 6.2
A1R dune_hsmgp::Dune_AllNumeric_23_normal valid 12.0
A1R hadoop_mapreduce::wordcount_23 valid 6.3
A1R dune_hsmgp::Dune_AllNumeric_53_normal valid 12.0
A1R spark::wordcount_71 valid 39.6
A1R spark::terasort_71 valid 39.8
A1R hadoop_mapreduce::wordcount_71 valid 6.4
A1R hadoop_mapreduce::pagerank_71 valid 6.2
A1R spark::terasort_23 valid 40.0
A1R spark::wordcount_11 valid 39.8
A1R dune_hsmgp::Dune_AllNumeric_71_normal valid 12.2
{'at': '2026-09-28T19:15:03.507619+00:00', 'stage': 'A1R', 'arm': 'qwen3_14b', 'model_key': 'qwen3_14b', 'intended': 35, 'attempted': 35, 'responses': 35, 'valid': 35, 'invalid': 0, 'unattempted': [], 'error': None, 'seconds': 883.5058540419996, 'ledger': {'generation_requests': 35, 'compatibility_requests': 0, 'scientific_requests': 35, 'http_requests': 120, 'peak_server_rss_bytes': 10421567488, 'retries': 0, 'external_spend_usd': 0, 'allocated_output_tokens': 35840, 'port_wait_seconds': 6.341699918266386e-05, 'startup_seconds': 7.039785250002751, 'stage_seconds': 883.5687100409996, 'resource_stop_reason': None, 'server_exit_code': 0}}
exit=0
