xgboost_37__ezr_upstream_bayes 17 search labels
polars_53__ezr_upstream_bayes 17 search labels
xgboost_11__ezr_upstream_centroid 17 search labels
polars_53__ezr_upstream_centroid 17 search labels
xgboost_23__ezr_upstream_bayes 17 search labels
xgboost_23__ezr_upstream_centroid 17 search labels
polars_71__ezr_upstream_bayes 17 search labels
xgboost_11__ezr_upstream_bayes 17 search labels
xgboost_71__ezr_upstream_centroid 17 search labels
xgboost_53__ezr_upstream_centroid 17 search labels
polars_23__ezr_upstream_bayes 17 search labels
xgboost_53__ezr_upstream_bayes 17 search labels
polars_23__ezr_upstream_centroid 17 search labels
polars_71__ezr_upstream_centroid 17 search labels
polars_11__ezr_upstream_centroid 17 search labels
xgboost_37__ezr_upstream_centroid 17 search labels
polars_11__ezr_upstream_bayes 17 search labels
polars_37__ezr_upstream_centroid 17 search labels
polars_37__ezr_upstream_bayes 17 search labels
xgboost_71__ezr_upstream_bayes 17 search labels
410 new outcomes /820 query-training executions complete
