15 B10prefixes saved;150charged outcomes; decisions frozen before continuation
75 complete B20classical arms;900 cumulative charges
smollm3_3b pagerank_11 valid
smollm3_3b wordcount_11 valid
smollm3_3b pagerank_71 valid
smollm3_3b terasort_11 valid
smollm3_3b terasort_37 valid
smollm3_3b wordcount_37 valid
smollm3_3b wordcount_53 valid
smollm3_3b wordcount_23 valid
smollm3_3b pagerank_37 valid
smollm3_3b terasort_23 valid
smollm3_3b terasort_71 valid
smollm3_3b pagerank_53 valid
smollm3_3b terasort_53 valid
smollm3_3b wordcount_71 valid
smollm3_3b pagerank_23 valid
qwen3_8b pagerank_11 valid
qwen3_8b wordcount_11 valid
qwen3_8b pagerank_71 valid
qwen3_8b terasort_11 valid
qwen3_8b terasort_37 valid
qwen3_8b wordcount_37 valid
qwen3_8b wordcount_53 valid
qwen3_8b wordcount_23 valid
qwen3_8b pagerank_37 valid
qwen3_8b terasort_23 valid
qwen3_8b terasort_71 valid
qwen3_8b pagerank_53 valid
qwen3_8b terasort_53 valid
qwen3_8b wordcount_71 valid
qwen3_8b pagerank_23 valid
30 model/fallback continuations;1200 total charges
