A2 sac::sac_AllNumeric_11_normal valid
A2 spark::bayes_53 valid
A2 spark::pagerank_37 valid
A2 sac::sac_AllNumeric_37_normal valid
A2 spark::pagerank_53 valid
A2 berkeleydb::BDBC_AllNumeric_53_normal valid
A2 spark::tpch_53 valid
A2 hadoop_mapreduce::wordcount_37 valid
A2 spark::terasort_11 valid
A2 spark::pagerank_71 valid
A2 hadoop_mapreduce::terasort_37 valid
A2 llvm::LLVM_AllNumeric_23_normal valid
A2 spark::pagerank_11 valid
A2 hadoop_mapreduce::pagerank_53 valid
A2 berkeleydb::BDBC_AllNumeric_37_normal valid
A2 hipacc::hipacc_AllNumeric_23_normal valid
A2 openvpn::OpenVPN_71_normal valid
A2 spark::wordcount_37 valid
A2 openvpn::OpenVPN_23_normal valid
A2 spark::wordcount_23 valid
A2 berkeleydb::BDBC_AllNumeric_71_normal valid
A2 openvpn::OpenVPN_11_normal valid
A2 hadoop_mapreduce::wordcount_53 valid
A2 hadoop_mapreduce::terasort_71 valid
A2 hadoop_mapreduce::pagerank_11 valid
A2 dune_hsmgp::Dune_AllNumeric_23_normal valid
A2 hadoop_mapreduce::wordcount_23 valid
A2 dune_hsmgp::Dune_AllNumeric_53_normal valid
A2 spark::wordcount_71 valid
A2 spark::terasort_71 valid
A2 hadoop_mapreduce::wordcount_71 valid
A2 hadoop_mapreduce::pagerank_71 valid
A2 spark::terasort_23 valid
A2 spark::wordcount_11 valid
A2 dune_hsmgp::Dune_AllNumeric_71_normal valid
A2 spark::terasort_53 valid
A2 hadoop_mapreduce::terasort_11 valid
A2 spark::tpch_71 valid
A2 sac::sac_AllNumeric_23_normal valid
A2 spark::bayes_71 valid
A2 llvm::LLVM_AllNumeric_37_normal valid
A2 spark::tpch_37 valid
A2 hadoop_mapreduce::pagerank_23 valid
A2 berkeleydb::BDBC_AllNumeric_23_normal valid
A2 llvm::LLVM_AllNumeric_53_normal valid
A2 sac::sac_AllNumeric_53_normal valid
A2 spark::bayes_11 valid
A2 dune_hsmgp::Dune_AllNumeric_37_normal valid
A2 spark::bayes_23 valid
A2 hadoop_mapreduce::terasort_23 valid
A2 hipacc::hipacc_AllNumeric_11_normal valid
A2 hadoop_mapreduce::terasort_53 valid
A2 llvm::LLVM_AllNumeric_11_normal valid
A2 spark::bayes_37 valid
A2 llvm::LLVM_AllNumeric_71_normal valid
A2 spark::pagerank_23 valid
A2 hipacc::hipacc_AllNumeric_53_normal valid
A2 hadoop_mapreduce::pagerank_37 valid
A2 berkeleydb::BDBC_AllNumeric_11_normal valid
A2 spark::tpch_11 valid
A2 openvpn::OpenVPN_53_normal valid
A2 openvpn::OpenVPN_37_normal valid
A2 dune_hsmgp::Dune_AllNumeric_11_normal valid
A2 hipacc::hipacc_AllNumeric_37_normal valid
A2 spark::terasort_37 valid
A2 sac::sac_AllNumeric_71_normal valid
A2 spark::wordcount_53 valid
A2 hadoop_mapreduce::wordcount_11 valid
A2 hipacc::hipacc_AllNumeric_71_normal valid
{'at': '2026-09-28T22:32:57.927920+00:00', 'stage': 'A2', 'provider': 'deepinfra/turbo', 'intended': 70, 'requests': 70, 'responses_scored': 69, 'valid': 69, 'invalid': 0, 'unattempted': ['spark::tpch_23'], 'error': 'refused: Stage wall cap', 'seconds': 1860.0129012919933, 'spend': {'spent_usd': 0.48629128200000005, 'requests': 175, 'reported_cost_usd': 0.48629128200000005, 'estimated_only_usd': 0.0, 'unknown_cost_requests': 0}}
