A1R sac::sac_AllNumeric_11_normal valid
A1R spark::bayes_53 valid
A1R spark::pagerank_37 valid
A1R sac::sac_AllNumeric_37_normal valid
A1R spark::pagerank_53 valid
A1R berkeleydb::BDBC_AllNumeric_53_normal valid
A1R spark::tpch_53 valid
A1R hadoop_mapreduce::wordcount_37 valid
A1R spark::terasort_11 valid
A1R spark::pagerank_71 valid
A1R hadoop_mapreduce::terasort_37 valid
A1R llvm::LLVM_AllNumeric_23_normal valid
A1R spark::pagerank_11 valid
A1R hadoop_mapreduce::pagerank_53 valid
A1R berkeleydb::BDBC_AllNumeric_37_normal valid
A1R hipacc::hipacc_AllNumeric_23_normal valid
A1R openvpn::OpenVPN_71_normal valid
A1R spark::wordcount_37 valid
A1R openvpn::OpenVPN_23_normal valid
A1R spark::wordcount_23 valid
A1R berkeleydb::BDBC_AllNumeric_71_normal valid
A1R openvpn::OpenVPN_11_normal valid
A1R hadoop_mapreduce::wordcount_53 valid
A1R hadoop_mapreduce::terasort_71 valid
A1R hadoop_mapreduce::pagerank_11 valid
A1R dune_hsmgp::Dune_AllNumeric_23_normal valid
A1R hadoop_mapreduce::wordcount_23 valid
A1R dune_hsmgp::Dune_AllNumeric_53_normal valid
A1R spark::wordcount_71 valid
A1R spark::terasort_71 valid
A1R hadoop_mapreduce::wordcount_71 valid
A1R hadoop_mapreduce::pagerank_71 valid
A1R spark::terasort_23 valid
A1R spark::wordcount_11 valid
A1R dune_hsmgp::Dune_AllNumeric_71_normal valid
A1R spark::terasort_53 valid
A1R hadoop_mapreduce::terasort_11 valid
A1R spark::tpch_71 valid
A1R sac::sac_AllNumeric_23_normal valid
A1R spark::bayes_71 valid
A1R llvm::LLVM_AllNumeric_37_normal valid
A1R spark::tpch_37 valid
A1R hadoop_mapreduce::pagerank_23 valid
A1R berkeleydb::BDBC_AllNumeric_23_normal valid
A1R llvm::LLVM_AllNumeric_53_normal valid
A1R sac::sac_AllNumeric_53_normal valid
A1R spark::bayes_11 valid
A1R dune_hsmgp::Dune_AllNumeric_37_normal valid
A1R spark::bayes_23 valid
A1R hadoop_mapreduce::terasort_23 valid
A1R hipacc::hipacc_AllNumeric_11_normal valid
A1R hadoop_mapreduce::terasort_53 valid
A1R llvm::LLVM_AllNumeric_11_normal valid
A1R spark::bayes_37 valid
A1R llvm::LLVM_AllNumeric_71_normal valid
A1R spark::pagerank_23 valid
A1R hipacc::hipacc_AllNumeric_53_normal valid
{'at': '2026-09-28T21:53:31.772848+00:00', 'stage': 'A1R', 'provider': 'deepinfra/turbo', 'intended': 70, 'requests': 58, 'responses_scored': 57, 'valid': 57, 'invalid': 0, 'unattempted': ['hadoop_mapreduce::pagerank_37', 'berkeleydb::BDBC_AllNumeric_11_normal', 'spark::tpch_11', 'openvpn::OpenVPN_53_normal', 'openvpn::OpenVPN_37_normal', 'dune_hsmgp::Dune_AllNumeric_11_normal', 'hipacc::hipacc_AllNumeric_37_normal', 'spark::terasort_37', 'sac::sac_AllNumeric_71_normal', 'spark::wordcount_53', 'hadoop_mapreduce::wordcount_11', 'hipacc::hipacc_AllNumeric_71_normal', 'spark::tpch_23'], 'error': 'refused: Stage wall cap', 'seconds': 1869.3370741669933, 'spend': {'spent_usd': 0.19882738199999997, 'requests': 87, 'reported_cost_usd': 0.19882738199999997, 'estimated_only_usd': 0.0, 'unknown_cost_requests': 0}}
exit=0
