hnswlib_23 prefix10
ripgrep_71 prefix10
ripgrep_11 prefix10
hnswlib_11 prefix10
ripgrep_23 prefix10
hnswlib_71 prefix10
ripgrep_53 prefix10
ripgrep_37 prefix10
hnswlib_37 prefix10
hnswlib_53 prefix10
hnswlib_71 sequential_3nn 17search
hnswlib_23 adaptive_neighbor 17search
ripgrep_71 random_full 17search
hnswlib_71 random_full 17search
ripgrep_37 gp_ei 17search
ripgrep_53 gp_ei 17search
hnswlib_11 sequential_3nn 17search
hnswlib_71 adaptive_neighbor 17search
ripgrep_53 adaptive_neighbor 17search
hnswlib_37 random_full 17search
ripgrep_11 sequential_3nn 17search
ripgrep_71 sequential_3nn 17search
ripgrep_53 random_proposal 17search
ripgrep_37 sequential_3nn 17search
hnswlib_37 random_proposal 17search
hnswlib_11 adaptive_neighbor 17search
hnswlib_11 gp_ei 17search
ripgrep_37 random_proposal 17search
ripgrep_23 random_proposal 17search
hnswlib_53 gp_ei 17search
hnswlib_53 random_proposal 17search
ripgrep_11 random_proposal 17search
hnswlib_23 random_full 17search
ripgrep_11 gp_ei 17search
ripgrep_71 gp_ei 17search
ripgrep_53 sequential_3nn 17search
hnswlib_11 random_full 17search
hnswlib_23 random_proposal 17search
ripgrep_53 random_full 17search
ripgrep_23 random_full 17search
ripgrep_11 random_full 17search
hnswlib_11 random_proposal 17search
hnswlib_23 gp_ei 17search
hnswlib_37 adaptive_neighbor 17search
ripgrep_37 adaptive_neighbor 17search
ripgrep_23 gp_ei 17search
hnswlib_53 adaptive_neighbor 17search
hnswlib_23 sequential_3nn 17search
ripgrep_23 sequential_3nn 17search
hnswlib_37 gp_ei 17search
hnswlib_53 sequential_3nn 17search
hnswlib_53 random_full 17search
ripgrep_11 adaptive_neighbor 17search
hnswlib_71 random_proposal 17search
ripgrep_37 random_full 17search
ripgrep_71 random_proposal 17search
hnswlib_37 sequential_3nn 17search
ripgrep_71 adaptive_neighbor 17search
hnswlib_71 gp_ei 17search
ripgrep_23 adaptive_neighbor 17search
smollm3_3b hnswlib_23 valid
smollm3_3b ripgrep_71 valid
smollm3_3b ripgrep_11 valid
smollm3_3b hnswlib_11 valid
smollm3_3b ripgrep_23 valid
smollm3_3b hnswlib_71 valid
smollm3_3b ripgrep_53 valid
smollm3_3b ripgrep_37 valid
smollm3_3b hnswlib_37 valid
smollm3_3b hnswlib_53 valid
qwen3_8b hnswlib_23 valid
qwen3_8b ripgrep_71 valid
qwen3_8b ripgrep_11 valid
qwen3_8b hnswlib_11 valid
qwen3_8b ripgrep_23 valid
qwen3_8b hnswlib_71 valid
qwen3_8b ripgrep_53 valid
qwen3_8b ripgrep_37 valid
qwen3_8b hnswlib_37 valid
qwen3_8b hnswlib_53 valid
ripgrep_71 qwen3_8b 17search
ripgrep_23 smollm3_3b 17search
ripgrep_71 smollm3_3b 17search
ripgrep_11 smollm3_3b 17search
hnswlib_37 smollm3_3b 17search
hnswlib_23 qwen3_8b 17search
hnswlib_37 qwen3_8b 17search
hnswlib_71 qwen3_8b 17search
ripgrep_37 smollm3_3b 17search
hnswlib_11 qwen3_8b 17search
hnswlib_53 qwen3_8b 17search
ripgrep_23 qwen3_8b 17search
ripgrep_53 qwen3_8b 17search
ripgrep_11 qwen3_8b 17search
ripgrep_37 qwen3_8b 17search
hnswlib_23 smollm3_3b 17search
hnswlib_11 smollm3_3b 17search
hnswlib_71 smollm3_3b 17search
ripgrep_53 smollm3_3b 17search
hnswlib_53 smollm3_3b 17search
800nativeevaluations/70B20arms complete
